2026-09-08 15:18:40,669 - INFO - Bangkok processed 168 rows
2026-09-08 15:18:41,912 - INFO - Chiang_Mai processed 168 rows
2026-09-08 15:18:42,731 - INFO - Phuket processed 168 rows
2026-09-08 15:18:43,534 - INFO - Khon_Kaen processed 168 rows
2026-09-08 15:18:44,347 - INFO - Hat_Yai processed 168 rows
2026-09-08 15:25:07,117 - INFO - Bangkok processed 168 rows
2026-09-08 15:25:07,938 - INFO - Chiang_Mai processed 168 rows
2026-09-08 15:25:08,731 - INFO - Phuket processed 168 rows
2026-09-08 15:25:09,870 - INFO - Khon_Kaen processed 168 rows
2026-09-08 15:25:10,691 - INFO - Hat_Yai processed 168 rows
2026-09-08 15:26:06,597 - INFO - Bangkok processed 168 rows
2026-09-08 15:26:07,401 - INFO - Chiang_Mai processed 168 rows
2026-09-08 15:26:08,209 - INFO - Phuket processed 168 rows
2026-09-08 15:26:09,011 - INFO - Khon_Kaen processed 168 rows
2026-09-08 15:26:10,143 - INFO - Hat_Yai processed 168 rows
2026-09-08 15:27:48,729 - INFO - Bangkok processed 168 rows
2026-09-08 15:27:49,529 - INFO - Chiang_Mai processed 168 rows
2026-09-08 15:27:50,329 - INFO - Phuket processed 168 rows
2026-09-08 15:27:51,430 - INFO - Khon_Kaen processed 168 rows
2026-09-08 15:27:52,675 - INFO - Hat_Yai processed 168 rows
2026-09-08 15:28:45,241 - INFO - Bangkok processed 168 rows
2026-09-08 15:28:46,472 - INFO - Chiang_Mai processed 168 rows
2026-09-08 15:28:47,271 - INFO - Phuket processed 168 rows
2026-09-08 15:28:48,079 - INFO - Khon_Kaen processed 168 rows
2026-09-08 15:28:48,881 - INFO - Hat_Yai processed 168 rows
2026-09-08 15:29:16,909 - INFO - Bangkok processed 168 rows
2026-09-08 15:29:18,265 - INFO - Chiang_Mai processed 168 rows
2026-09-08 15:29:19,057 - INFO - Phuket processed 168 rows
2026-09-08 15:29:19,854 - INFO - Khon_Kaen processed 168 rows
2026-09-08 15:29:20,660 - INFO - Hat_Yai processed 168 rows
2026-09-08 15:29:46,618 - INFO - Bangkok processed 168 rows
2026-09-08 15:29:48,098 - INFO - Chiang_Mai processed 168 rows
2026-09-08 15:29:49,919 - INFO - Phuket processed 168 rows
2026-09-08 15:29:50,725 - INFO - Khon_Kaen processed 168 rows
2026-09-08 15:29:51,524 - INFO - Hat_Yai processed 168 rows
2026-09-08 15:30:40,805 - INFO - Bangkok processed 168 rows
2026-09-08 15:30:42,287 - INFO - Chiang_Mai processed 168 rows
2026-09-08 15:30:43,272 - INFO - Phuket processed 168 rows
2026-09-08 15:30:44,663 - INFO - Khon_Kaen processed 168 rows
2026-09-08 15:30:45,656 - INFO - Hat_Yai processed 168 rows
2026-09-08 15:34:39,975 - INFO - Bangkok processed 168 rows
2026-09-08 15:34:40,776 - INFO - Chiang_Mai processed 168 rows
2026-09-08 15:34:41,584 - INFO - Phuket processed 168 rows
2026-09-08 15:34:42,385 - INFO - Khon_Kaen processed 168 rows
2026-09-08 15:34:43,185 - INFO - Hat_Yai processed 168 rows
2026-09-08 15:37:43,559 - INFO - Bangkok processed 168 rows
2026-09-08 15:37:44,353 - INFO - Chiang_Mai processed 168 rows
2026-09-08 15:37:45,159 - INFO - Phuket processed 168 rows
2026-09-08 15:37:45,958 - INFO - Khon_Kaen processed 168 rows
2026-09-08 15:37:46,757 - INFO - Hat_Yai processed 168 rows
2026-09-08 15:41:02,571 - INFO - Bangkok processed 168 rows
2026-09-08 15:41:03,381 - INFO - Chiang_Mai processed 168 rows
2026-09-08 15:41:04,187 - INFO - Phuket processed 168 rows
2026-09-08 15:41:05,015 - INFO - Khon_Kaen processed 168 rows
2026-09-08 15:41:05,821 - INFO - Hat_Yai processed 168 rows
2026-09-08 15:41:28,464 - INFO - Bangkok processed 168 rows
2026-09-08 15:41:29,279 - INFO - Chiang_Mai processed 168 rows
2026-09-08 15:41:30,110 - INFO - Phuket processed 168 rows
2026-09-08 15:41:30,929 - INFO - Khon_Kaen processed 168 rows
2026-09-08 15:41:31,745 - INFO - Hat_Yai processed 168 rows
2026-09-08 15:41:44,754 - INFO - Bangkok processed 168 rows
2026-09-08 15:41:45,569 - INFO - Chiang_Mai processed 168 rows
2026-09-08 15:41:46,375 - INFO - Phuket processed 168 rows
2026-09-08 15:41:47,189 - INFO - Khon_Kaen processed 168 rows
2026-09-08 15:41:47,999 - INFO - Hat_Yai processed 168 rows
2026-09-08 15:42:05,625 - INFO - Bangkok processed 168 rows
2026-09-08 15:42:06,448 - INFO - Chiang_Mai processed 168 rows
2026-09-08 15:42:07,271 - INFO - Phuket processed 168 rows
2026-09-08 15:42:08,089 - INFO - Khon_Kaen processed 168 rows
2026-09-08 15:42:08,901 - INFO - Hat_Yai processed 168 rows
2026-09-08 15:43:04,632 - INFO - Bangkok processed 168 rows
2026-09-08 15:43:05,443 - INFO - Chiang_Mai processed 168 rows
2026-09-08 15:43:06,237 - INFO - Phuket processed 168 rows
2026-09-08 15:43:07,043 - INFO - Khon_Kaen processed 168 rows
2026-09-08 15:43:07,849 - INFO - Hat_Yai processed 168 rows
2026-09-08 15:44:32,969 - INFO - Bangkok processed 168 rows
2026-09-08 15:44:33,797 - INFO - Chiang_Mai processed 168 rows
2026-09-08 15:44:34,616 - INFO - Phuket processed 168 rows
2026-09-08 15:44:35,426 - INFO - Khon_Kaen processed 168 rows
2026-09-08 15:44:36,238 - INFO - Hat_Yai processed 168 rows
2026-09-08 15:44:36,253 - INFO - -4.269580602645874
2026-09-08 15:45:01,661 - INFO - Bangkok processed 168 rows
2026-09-08 15:45:02,519 - INFO - Chiang_Mai processed 168 rows
2026-09-08 15:45:03,376 - INFO - Phuket processed 168 rows
2026-09-08 15:45:04,194 - INFO - Khon_Kaen processed 168 rows
2026-09-08 15:45:05,012 - INFO - Hat_Yai processed 168 rows
2026-09-08 15:45:05,024 - INFO - 4.4201624393463135
2026-09-08 15:47:07,238 - INFO - Bangkok processed 168 rows
2026-09-08 15:47:08,046 - INFO - Chiang_Mai processed 168 rows
2026-09-08 15:47:09,857 - INFO - Phuket processed 168 rows
2026-09-08 15:47:10,661 - INFO - Khon_Kaen processed 168 rows
2026-09-08 15:47:11,444 - INFO - Hat_Yai processed 168 rows
2026-09-08 15:47:11,444 - INFO - 5.23 s
2026-09-08 15:48:32,699 - INFO - Bangkok processed 168 rows
2026-09-08 15:48:33,505 - INFO - Chiang_Mai processed 168 rows
2026-09-08 15:48:34,319 - INFO - Phuket processed 168 rows
2026-09-08 15:48:35,142 - INFO - Khon_Kaen processed 168 rows
2026-09-08 15:48:35,961 - INFO - Hat_Yai processed 168 rows
2026-09-08 15:48:35,974 - INFO - 5
2026-09-08 15:48:35,974 - INFO - 4.25 s
2026-09-08 15:49:04,255 - INFO - Bangkok processed 168 rows
2026-09-08 15:49:05,076 - INFO - Chiang_Mai processed 168 rows
2026-09-08 15:49:05,909 - INFO - Phuket processed 168 rows
2026-09-08 15:49:06,729 - INFO - Khon_Kaen processed 168 rows
2026-09-08 15:49:07,552 - INFO - Hat_Yai processed 168 rows
2026-09-08 15:49:07,567 - INFO - 5 success_cities
2026-09-08 15:49:07,567 - INFO - 4.34 s
2026-09-08 15:49:33,775 - INFO - Bangkok processed 168 rows
2026-09-08 15:49:34,595 - INFO - Chiang_Mai processed 168 rows
2026-09-08 15:49:35,411 - INFO - Phuket processed 168 rows
2026-09-08 15:49:36,231 - INFO - Khon_Kaen processed 168 rows
2026-09-08 15:49:37,049 - INFO - Hat_Yai processed 168 rows
2026-09-08 15:49:37,069 - INFO - 5 cities
2026-09-08 15:49:37,069 - INFO - 4.31 s
2026-09-08 15:51:04,884 - ERROR - Bangkok failed ['Bangkok']
2026-09-08 15:51:05,699 - ERROR - Chiang_Mai failed ['Bangkok', 'Chiang_Mai']
2026-09-08 15:51:06,501 - ERROR - Phuket failed ['Bangkok', 'Chiang_Mai', 'Phuket']
2026-09-08 15:51:07,289 - ERROR - Khon_Kaen failed ['Bangkok', 'Chiang_Mai', 'Phuket', 'Khon_Kaen']
2026-09-08 15:51:08,097 - ERROR - Hat_Yai failed ['Bangkok', 'Chiang_Mai', 'Phuket', 'Khon_Kaen', 'Hat_Yai']
2026-09-08 15:51:08,099 - INFO - 0 cities
2026-09-08 15:51:08,099 - INFO - 4.22 s
2026-09-08 15:51:34,521 - ERROR - Bangkok failed ['Bangkok']
2026-09-08 15:51:35,331 - ERROR - Chiang_Mai failed ['Bangkok', 'Chiang_Mai']
2026-09-08 15:51:36,147 - ERROR - Phuket failed ['Bangkok', 'Chiang_Mai', 'Phuket']
2026-09-08 15:51:36,941 - ERROR - Khon_Kaen failed ['Bangkok', 'Chiang_Mai', 'Phuket', 'Khon_Kaen']
2026-09-08 15:51:37,750 - ERROR - Hat_Yai failed ['Bangkok', 'Chiang_Mai', 'Phuket', 'Khon_Kaen', 'Hat_Yai']
2026-09-08 15:51:37,751 - INFO - 0 cities
2026-09-08 15:51:37,751 - INFO - 4.26 s
2026-09-08 15:58:18,579 - ERROR - Bangkok failed ['Bangkok']
2026-09-08 15:58:19,391 - ERROR - Chiang_Mai failed ['Bangkok', 'Chiang_Mai']
2026-09-08 15:58:20,191 - ERROR - Phuket failed ['Bangkok', 'Chiang_Mai', 'Phuket']
2026-09-08 15:58:20,985 - ERROR - Khon_Kaen failed ['Bangkok', 'Chiang_Mai', 'Phuket', 'Khon_Kaen']
2026-09-08 15:58:21,774 - ERROR - Hat_Yai failed ['Bangkok', 'Chiang_Mai', 'Phuket', 'Khon_Kaen', 'Hat_Yai']
2026-09-08 15:58:21,779 - INFO - 0 cities
2026-09-08 15:58:21,779 - INFO - 4.18 s
2026-09-08 15:58:34,360 - INFO - Bangkok processed 168 rows
2026-09-08 15:58:35,179 - INFO - Chiang_Mai processed 168 rows
2026-09-08 15:58:35,984 - INFO - Phuket processed 168 rows
2026-09-08 15:58:36,795 - INFO - Khon_Kaen processed 168 rows
2026-09-08 15:58:37,587 - INFO - Hat_Yai processed 168 rows
2026-09-08 15:58:37,599 - INFO - 5 cities
2026-09-08 15:58:37,601 - INFO - 4.21 s
2026-09-08 16:01:43,059 - ERROR - Bangkok failed
2026-09-08 16:01:43,857 - ERROR - Chiang_Mai failed
2026-09-08 16:01:44,668 - ERROR - Phuket failed
2026-09-08 16:01:45,477 - ERROR - Khon_Kaen failed
2026-09-08 16:01:46,281 - ERROR - Hat_Yai failed
2026-09-08 16:01:46,281 - ERROR - failed_cities ['Bangkok', 'Chiang_Mai', 'Phuket', 'Khon_Kaen', 'Hat_Yai']
2026-09-08 16:01:46,281 - INFO - 4.21 s
2026-09-08 16:02:11,481 - ERROR - Bangkok failed
2026-09-08 16:02:12,289 - ERROR - Chiang_Mai failed
2026-09-08 16:02:13,089 - ERROR - Phuket failed
2026-09-08 16:02:13,898 - ERROR - Khon_Kaen failed
2026-09-08 16:02:14,693 - ERROR - Hat_Yai failed
2026-09-08 16:02:14,695 - ERROR - failed_cities ['Bangkok', 'Chiang_Mai', 'Phuket', 'Khon_Kaen', 'Hat_Yai']
2026-09-08 16:02:14,695 - INFO - run_time 4.19 s
2026-09-08 16:02:37,347 - INFO - Bangkok processed 168 rows
2026-09-08 16:02:38,143 - INFO - Chiang_Mai processed 168 rows
2026-09-08 16:02:38,931 - INFO - Phuket processed 168 rows
2026-09-08 16:02:39,730 - INFO - Khon_Kaen processed 168 rows
2026-09-08 16:02:40,541 - INFO - Hat_Yai processed 168 rows
2026-09-08 16:02:40,564 - INFO - 5 cities
2026-09-08 16:02:40,565 - INFO - run_time 4.31 s
2026-09-08 16:04:00,959 - ERROR - Bangkok failed 
2026-09-08 16:04:00,959 - ERROR - Chiang_Mai failed 
2026-09-08 16:04:00,959 - ERROR - Phuket failed 
2026-09-08 16:04:00,959 - ERROR - Khon_Kaen failed 
2026-09-08 16:04:00,959 - ERROR - Hat_Yai failed 
2026-09-08 16:04:00,969 - ERROR - failed_cities ['Bangkok', 'Chiang_Mai', 'Phuket', 'Khon_Kaen', 'Hat_Yai']
2026-09-08 16:04:00,969 - INFO - run_time 0.01 s
2026-09-08 16:04:43,449 - ERROR - Bangkok failed name 'dffd' is not defined
2026-09-08 16:04:44,257 - ERROR - Chiang_Mai failed name 'dffd' is not defined
2026-09-08 16:04:45,071 - ERROR - Phuket failed name 'dffd' is not defined
2026-09-08 16:04:45,869 - ERROR - Khon_Kaen failed name 'dffd' is not defined
2026-09-08 16:04:46,695 - ERROR - Hat_Yai failed name 'dffd' is not defined
2026-09-08 16:04:46,699 - ERROR - failed_cities ['Bangkok', 'Chiang_Mai', 'Phuket', 'Khon_Kaen', 'Hat_Yai']
2026-09-08 16:04:46,699 - INFO - run_time 4.26 s
2026-09-08 16:05:10,501 - INFO - Bangkok processed 168 rows
2026-09-08 16:05:11,319 - INFO - Chiang_Mai processed 168 rows
2026-09-08 16:05:12,125 - INFO - Phuket processed 168 rows
2026-09-08 16:05:12,930 - INFO - Khon_Kaen processed 168 rows
2026-09-08 16:05:13,739 - INFO - Hat_Yai processed 168 rows
2026-09-08 16:05:13,764 - INFO - 5 cities
2026-09-08 16:05:13,765 - INFO - run_time 4.33 s
